// Jest Snapshot v1, https://goo.gl/fbAQLP

exports[`Number Filter with single instance with multiple attributes renders correctly 1`] = `
<DocumentFragment>
  <div
    class="filter-container filter-custom-class"
    data-focusindex="0"
  >
    <div
      class="filter-selector"
    >
      <div
        class="filter-selector-content"
      >
        <button
          aria-controls="NumberFilter1-filter-selectors"
          aria-expanded="false"
          aria-haspopup="true"
          class="btn btn-default filter-selector-button button-icon equal"
        >
           
        </button>
      </div>
    </div>
    <input
      class="form-control filter-input"
      type="number"
      value=""
    />
  </div>
</DocumentFragment>
`;

exports[`Number Filter with single instance with single attribute renders correctly 1`] = `
<DocumentFragment>
  <div
    class="filter-container filter-custom-class"
    data-focusindex="0"
  >
    <div
      class="filter-selector"
    >
      <div
        class="filter-selector-content"
      >
        <button
          aria-controls="NumberFilter1-filter-selectors"
          aria-expanded="false"
          aria-haspopup="true"
          class="btn btn-default filter-selector-button button-icon equal"
        >
           
        </button>
      </div>
    </div>
    <input
      class="form-control filter-input"
      type="number"
      value=""
    />
  </div>
</DocumentFragment>
`;
